[0.086s] DEBUG:colcon:Command line arguments: ['/usr/bin/colcon', 'build', '--packages-select', 'turtlebot3_gui']
[0.086s] DEBUG:colcon:Parsed command line arguments: Namespace(log_base=None, log_level=None, verb_name='build', build_base='build', install_base='install', merge_install=False, symlink_install=False, test_result_base=None, continue_on_error=False, executor='parallel', parallel_workers=16, event_handlers=None, ignore_user_meta=False, metas=['./colcon.meta'], base_paths=['.'], packages_ignore=None, packages_ignore_regex=None, paths=None, packages_up_to=None, packages_up_to_regex=None, packages_above=None, packages_above_and_dependencies=None, packages_above_depth=None, packages_select_by_dep=None, packages_skip_by_dep=None, packages_skip_up_to=None, packages_select_build_failed=False, packages_skip_build_finished=False, packages_select_test_failures=False, packages_skip_test_passed=False, packages_select=['turtlebot3_gui'], packages_skip=None, packages_select_regex=None, packages_skip_regex=None, packages_start=None, packages_end=None, allow_overriding=[], cmake_args=None, cmake_target=None, cmake_target_skip_unavailable=False, cmake_clean_cache=False, cmake_clean_first=False, cmake_force_configure=False, ament_cmake_args=None, catkin_cmake_args=None, catkin_skip_building_tests=False, mixin_files=None, mixin=None, verb_parser=<colcon_mixin.mixin.mixin_argument.MixinArgumentDecorator object at 0x7788b4036b30>, verb_extension=<colcon_core.verb.build.BuildVerb object at 0x7788b41ff7c0>, main=<bound method BuildVerb.main of <colcon_core.verb.build.BuildVerb object at 0x7788b41ff7c0>>, mixin_verb=('build',))
[0.235s] Level 1:colcon.colcon_core.package_discovery:discover_packages(colcon_meta) check parameters
[0.235s] Level 1:colcon.colcon_core.package_discovery:discover_packages(recursive) check parameters
[0.235s] Level 1:colcon.colcon_core.package_discovery:discover_packages(ignore) check parameters
[0.235s] Level 1:colcon.colcon_core.package_discovery:discover_packages(path) check parameters
[0.235s] Level 1:colcon.colcon_core.package_discovery:discover_packages(colcon_meta) discover
[0.235s] Level 1:colcon.colcon_core.package_discovery:discover_packages(recursive) discover
[0.235s] INFO:colcon.colcon_core.package_discovery:Crawling recursively for packages in '/home/polestar3/turtlebot3_ws/src'
[0.235s] Level 1:colcon.colcon_core.package_identification:_identify(.) by extensions ['ignore', 'ignore_ament_install']
[0.235s] Level 1:colcon.colcon_core.package_identification:_identify(.) by extension 'ignore'
[0.235s] Level 1:colcon.colcon_core.package_identification:_identify(.) by extension 'ignore_ament_install'
[0.235s] Level 1:colcon.colcon_core.package_identification:_identify(.) by extensions ['colcon_pkg']
[0.235s] Level 1:colcon.colcon_core.package_identification:_identify(.) by extension 'colcon_pkg'
[0.235s] Level 1:colcon.colcon_core.package_identification:_identify(.) by extensions ['colcon_meta']
[0.235s] Level 1:colcon.colcon_core.package_identification:_identify(.) by extension 'colcon_meta'
[0.235s] Level 1:colcon.colcon_core.package_identification:_identify(.) by extensions ['ros']
[0.235s] Level 1:colcon.colcon_core.package_identification:_identify(.) by extension 'ros'
[0.248s] Level 1:colcon.colcon_core.package_identification:_identify(.) by extensions ['cmake', 'python']
[0.248s] Level 1:colcon.colcon_core.package_identification:_identify(.) by extension 'cmake'
[0.248s] Level 1:colcon.colcon_core.package_identification:_identify(.) by extension 'python'
[0.248s] Level 1:colcon.colcon_core.package_identification:_identify(.) by extensions ['python_setup_py']
[0.248s] Level 1:colcon.colcon_core.package_identification:_identify(.) by extension 'python_setup_py'
[0.248s] Level 1:colcon.colcon_core.package_identification:_identify(__pycache__) by extensions ['ignore', 'ignore_ament_install']
[0.248s] Level 1:colcon.colcon_core.package_identification:_identify(__pycache__) by extension 'ignore'
[0.248s] Level 1:colcon.colcon_core.package_identification:_identify(__pycache__) by extension 'ignore_ament_install'
[0.248s] Level 1:colcon.colcon_core.package_identification:_identify(__pycache__) by extensions ['colcon_pkg']
[0.248s] Level 1:colcon.colcon_core.package_identification:_identify(__pycache__) by extension 'colcon_pkg'
[0.248s] Level 1:colcon.colcon_core.package_identification:_identify(__pycache__) by extensions ['colcon_meta']
[0.248s] Level 1:colcon.colcon_core.package_identification:_identify(__pycache__) by extension 'colcon_meta'
[0.248s] Level 1:colcon.colcon_core.package_identification:_identify(__pycache__) by extensions ['ros']
[0.248s] Level 1:colcon.colcon_core.package_identification:_identify(__pycache__) by extension 'ros'
[0.248s] Level 1:colcon.colcon_core.package_identification:_identify(__pycache__) by extensions ['cmake', 'python']
[0.248s] Level 1:colcon.colcon_core.package_identification:_identify(__pycache__) by extension 'cmake'
[0.248s] Level 1:colcon.colcon_core.package_identification:_identify(__pycache__) by extension 'python'
[0.248s] Level 1:colcon.colcon_core.package_identification:_identify(__pycache__) by extensions ['python_setup_py']
[0.248s] Level 1:colcon.colcon_core.package_identification:_identify(__pycache__) by extension 'python_setup_py'
[0.249s] Level 1:colcon.colcon_core.package_identification:_identify(build) by extensions ['ignore', 'ignore_ament_install']
[0.249s] Level 1:colcon.colcon_core.package_identification:_identify(build) by extension 'ignore'
[0.249s] Level 1:colcon.colcon_core.package_identification:_identify(build) ignored
[0.249s] Level 1:colcon.colcon_core.package_identification:_identify(install) by extensions ['ignore', 'ignore_ament_install']
[0.249s] Level 1:colcon.colcon_core.package_identification:_identify(install) by extension 'ignore'
[0.249s] Level 1:colcon.colcon_core.package_identification:_identify(install) ignored
[0.249s] Level 1:colcon.colcon_core.package_identification:_identify(log) by extensions ['ignore', 'ignore_ament_install']
[0.249s] Level 1:colcon.colcon_core.package_identification:_identify(log) by extension 'ignore'
[0.249s] Level 1:colcon.colcon_core.package_identification:_identify(log) ignored
[0.249s] Level 1:colcon.colcon_core.package_identification:_identify(turtlebot3) by extensions ['ignore', 'ignore_ament_install']
[0.249s] Level 1:colcon.colcon_core.package_identification:_identify(turtlebot3) by extension 'ignore'
[0.249s] Level 1:colcon.colcon_core.package_identification:_identify(turtlebot3) by extension 'ignore_ament_install'
[0.249s] Level 1:colcon.colcon_core.package_identification:_identify(turtlebot3) by extensions ['colcon_pkg']
[0.249s] Level 1:colcon.colcon_core.package_identification:_identify(turtlebot3) by extension 'colcon_pkg'
[0.249s] Level 1:colcon.colcon_core.package_identification:_identify(turtlebot3) by extensions ['colcon_meta']
[0.249s] Level 1:colcon.colcon_core.package_identification:_identify(turtlebot3) by extension 'colcon_meta'
[0.249s] Level 1:colcon.colcon_core.package_identification:_identify(turtlebot3) by extensions ['ros']
[0.249s] Level 1:colcon.colcon_core.package_identification:_identify(turtlebot3) by extension 'ros'
[0.249s] Level 1:colcon.colcon_core.package_identification:_identify(turtlebot3) by extensions ['cmake', 'python']
[0.249s] Level 1:colcon.colcon_core.package_identification:_identify(turtlebot3) by extension 'cmake'
[0.249s] Level 1:colcon.colcon_core.package_identification:_identify(turtlebot3) by extension 'python'
[0.249s] Level 1:colcon.colcon_core.package_identification:_identify(turtlebot3) by extensions ['python_setup_py']
[0.249s] Level 1:colcon.colcon_core.package_identification:_identify(turtlebot3) by extension 'python_setup_py'
[0.249s] Level 1:colcon.colcon_core.package_identification:_identify(turtlebot3/turtlebot3) by extensions ['ignore', 'ignore_ament_install']
[0.250s] Level 1:colcon.colcon_core.package_identification:_identify(turtlebot3/turtlebot3) by extension 'ignore'
[0.250s] Level 1:colcon.colcon_core.package_identification:_identify(turtlebot3/turtlebot3) by extension 'ignore_ament_install'
[0.250s] Level 1:colcon.colcon_core.package_identification:_identify(turtlebot3/turtlebot3) by extensions ['colcon_pkg']
[0.250s] Level 1:colcon.colcon_core.package_identification:_identify(turtlebot3/turtlebot3) by extension 'colcon_pkg'
[0.250s] Level 1:colcon.colcon_core.package_identification:_identify(turtlebot3/turtlebot3) by extensions ['colcon_meta']
[0.250s] Level 1:colcon.colcon_core.package_identification:_identify(turtlebot3/turtlebot3) by extension 'colcon_meta'
[0.250s] Level 1:colcon.colcon_core.package_identification:_identify(turtlebot3/turtlebot3) by extensions ['ros']
[0.250s] Level 1:colcon.colcon_core.package_identification:_identify(turtlebot3/turtlebot3) by extension 'ros'
[0.251s] DEBUG:colcon.colcon_core.package_identification:Package 'turtlebot3/turtlebot3' with type 'ros.ament_cmake' and name 'turtlebot3'
[0.252s] Level 1:colcon.colcon_core.package_identification:_identify(turtlebot3/turtlebot3_bringup) by extensions ['ignore', 'ignore_ament_install']
[0.252s] Level 1:colcon.colcon_core.package_identification:_identify(turtlebot3/turtlebot3_bringup) by extension 'ignore'
[0.252s] Level 1:colcon.colcon_core.package_identification:_identify(turtlebot3/turtlebot3_bringup) by extension 'ignore_ament_install'
[0.252s] Level 1:colcon.colcon_core.package_identification:_identify(turtlebot3/turtlebot3_bringup) by extensions ['colcon_pkg']
[0.252s] Level 1:colcon.colcon_core.package_identification:_identify(turtlebot3/turtlebot3_bringup) by extension 'colcon_pkg'
[0.252s] Level 1:colcon.colcon_core.package_identification:_identify(turtlebot3/turtlebot3_bringup) by extensions ['colcon_meta']
[0.252s] Level 1:colcon.colcon_core.package_identification:_identify(turtlebot3/turtlebot3_bringup) by extension 'colcon_meta'
[0.252s] Level 1:colcon.colcon_core.package_identification:_identify(turtlebot3/turtlebot3_bringup) by extensions ['ros']
[0.252s] Level 1:colcon.colcon_core.package_identification:_identify(turtlebot3/turtlebot3_bringup) by extension 'ros'
[0.252s] DEBUG:colcon.colcon_core.package_identification:Package 'turtlebot3/turtlebot3_bringup' with type 'ros.ament_cmake' and name 'turtlebot3_bringup'
[0.252s] Level 1:colcon.colcon_core.package_identification:_identify(turtlebot3/turtlebot3_cartographer) by extensions ['ignore', 'ignore_ament_install']
[0.252s] Level 1:colcon.colcon_core.package_identification:_identify(turtlebot3/turtlebot3_cartographer) by extension 'ignore'
[0.252s] Level 1:colcon.colcon_core.package_identification:_identify(turtlebot3/turtlebot3_cartographer) by extension 'ignore_ament_install'
[0.252s] Level 1:colcon.colcon_core.package_identification:_identify(turtlebot3/turtlebot3_cartographer) by extensions ['colcon_pkg']
[0.253s] Level 1:colcon.colcon_core.package_identification:_identify(turtlebot3/turtlebot3_cartographer) by extension 'colcon_pkg'
[0.253s] Level 1:colcon.colcon_core.package_identification:_identify(turtlebot3/turtlebot3_cartographer) by extensions ['colcon_meta']
[0.253s] Level 1:colcon.colcon_core.package_identification:_identify(turtlebot3/turtlebot3_cartographer) by extension 'colcon_meta'
[0.253s] Level 1:colcon.colcon_core.package_identification:_identify(turtlebot3/turtlebot3_cartographer) by extensions ['ros']
[0.253s] Level 1:colcon.colcon_core.package_identification:_identify(turtlebot3/turtlebot3_cartographer) by extension 'ros'
[0.253s] DEBUG:colcon.colcon_core.package_identification:Package 'turtlebot3/turtlebot3_cartographer' with type 'ros.ament_cmake' and name 'turtlebot3_cartographer'
[0.253s] Level 1:colcon.colcon_core.package_identification:_identify(turtlebot3/turtlebot3_description) by extensions ['ignore', 'ignore_ament_install']
[0.253s] Level 1:colcon.colcon_core.package_identification:_identify(turtlebot3/turtlebot3_description) by extension 'ignore'
[0.253s] Level 1:colcon.colcon_core.package_identification:_identify(turtlebot3/turtlebot3_description) by extension 'ignore_ament_install'
[0.253s] Level 1:colcon.colcon_core.package_identification:_identify(turtlebot3/turtlebot3_description) by extensions ['colcon_pkg']
[0.253s] Level 1:colcon.colcon_core.package_identification:_identify(turtlebot3/turtlebot3_description) by extension 'colcon_pkg'
[0.253s] Level 1:colcon.colcon_core.package_identification:_identify(turtlebot3/turtlebot3_description) by extensions ['colcon_meta']
[0.253s] Level 1:colcon.colcon_core.package_identification:_identify(turtlebot3/turtlebot3_description) by extension 'colcon_meta'
[0.253s] Level 1:colcon.colcon_core.package_identification:_identify(turtlebot3/turtlebot3_description) by extensions ['ros']
[0.253s] Level 1:colcon.colcon_core.package_identification:_identify(turtlebot3/turtlebot3_description) by extension 'ros'
[0.254s] DEBUG:colcon.colcon_core.package_identification:Package 'turtlebot3/turtlebot3_description' with type 'ros.ament_cmake' and name 'turtlebot3_description'
[0.254s] Level 1:colcon.colcon_core.package_identification:_identify(turtlebot3/turtlebot3_example) by extensions ['ignore', 'ignore_ament_install']
[0.254s] Level 1:colcon.colcon_core.package_identification:_identify(turtlebot3/turtlebot3_example) by extension 'ignore'
[0.254s] Level 1:colcon.colcon_core.package_identification:_identify(turtlebot3/turtlebot3_example) by extension 'ignore_ament_install'
[0.254s] Level 1:colcon.colcon_core.package_identification:_identify(turtlebot3/turtlebot3_example) by extensions ['colcon_pkg']
[0.254s] Level 1:colcon.colcon_core.package_identification:_identify(turtlebot3/turtlebot3_example) by extension 'colcon_pkg'
[0.254s] Level 1:colcon.colcon_core.package_identification:_identify(turtlebot3/turtlebot3_example) by extensions ['colcon_meta']
[0.254s] Level 1:colcon.colcon_core.package_identification:_identify(turtlebot3/turtlebot3_example) by extension 'colcon_meta'
[0.254s] Level 1:colcon.colcon_core.package_identification:_identify(turtlebot3/turtlebot3_example) by extensions ['ros']
[0.254s] Level 1:colcon.colcon_core.package_identification:_identify(turtlebot3/turtlebot3_example) by extension 'ros'
[0.255s] DEBUG:colcon.colcon_core.package_identification:Package 'turtlebot3/turtlebot3_example' with type 'ros.ament_python' and name 'turtlebot3_example'
[0.255s] Level 1:colcon.colcon_core.package_identification:_identify(turtlebot3/turtlebot3_navigation2) by extensions ['ignore', 'ignore_ament_install']
[0.255s] Level 1:colcon.colcon_core.package_identification:_identify(turtlebot3/turtlebot3_navigation2) by extension 'ignore'
[0.255s] Level 1:colcon.colcon_core.package_identification:_identify(turtlebot3/turtlebot3_navigation2) by extension 'ignore_ament_install'
[0.255s] Level 1:colcon.colcon_core.package_identification:_identify(turtlebot3/turtlebot3_navigation2) by extensions ['colcon_pkg']
[0.255s] Level 1:colcon.colcon_core.package_identification:_identify(turtlebot3/turtlebot3_navigation2) by extension 'colcon_pkg'
[0.255s] Level 1:colcon.colcon_core.package_identification:_identify(turtlebot3/turtlebot3_navigation2) by extensions ['colcon_meta']
[0.255s] Level 1:colcon.colcon_core.package_identification:_identify(turtlebot3/turtlebot3_navigation2) by extension 'colcon_meta'
[0.255s] Level 1:colcon.colcon_core.package_identification:_identify(turtlebot3/turtlebot3_navigation2) by extensions ['ros']
[0.255s] Level 1:colcon.colcon_core.package_identification:_identify(turtlebot3/turtlebot3_navigation2) by extension 'ros'
[0.256s] DEBUG:colcon.colcon_core.package_identification:Package 'turtlebot3/turtlebot3_navigation2' with type 'ros.ament_cmake' and name 'turtlebot3_navigation2'
[0.256s] Level 1:colcon.colcon_core.package_identification:_identify(turtlebot3/turtlebot3_node) by extensions ['ignore', 'ignore_ament_install']
[0.256s] Level 1:colcon.colcon_core.package_identification:_identify(turtlebot3/turtlebot3_node) by extension 'ignore'
[0.256s] Level 1:colcon.colcon_core.package_identification:_identify(turtlebot3/turtlebot3_node) by extension 'ignore_ament_install'
[0.256s] Level 1:colcon.colcon_core.package_identification:_identify(turtlebot3/turtlebot3_node) by extensions ['colcon_pkg']
[0.256s] Level 1:colcon.colcon_core.package_identification:_identify(turtlebot3/turtlebot3_node) by extension 'colcon_pkg'
[0.256s] Level 1:colcon.colcon_core.package_identification:_identify(turtlebot3/turtlebot3_node) by extensions ['colcon_meta']
[0.256s] Level 1:colcon.colcon_core.package_identification:_identify(turtlebot3/turtlebot3_node) by extension 'colcon_meta'
[0.256s] Level 1:colcon.colcon_core.package_identification:_identify(turtlebot3/turtlebot3_node) by extensions ['ros']
[0.256s] Level 1:colcon.colcon_core.package_identification:_identify(turtlebot3/turtlebot3_node) by extension 'ros'
[0.257s] DEBUG:colcon.colcon_core.package_identification:Package 'turtlebot3/turtlebot3_node' with type 'ros.ament_cmake' and name 'turtlebot3_node'
[0.257s] Level 1:colcon.colcon_core.package_identification:_identify(turtlebot3/turtlebot3_teleop) by extensions ['ignore', 'ignore_ament_install']
[0.257s] Level 1:colcon.colcon_core.package_identification:_identify(turtlebot3/turtlebot3_teleop) by extension 'ignore'
[0.257s] Level 1:colcon.colcon_core.package_identification:_identify(turtlebot3/turtlebot3_teleop) by extension 'ignore_ament_install'
[0.257s] Level 1:colcon.colcon_core.package_identification:_identify(turtlebot3/turtlebot3_teleop) by extensions ['colcon_pkg']
[0.257s] Level 1:colcon.colcon_core.package_identification:_identify(turtlebot3/turtlebot3_teleop) by extension 'colcon_pkg'
[0.257s] Level 1:colcon.colcon_core.package_identification:_identify(turtlebot3/turtlebot3_teleop) by extensions ['colcon_meta']
[0.257s] Level 1:colcon.colcon_core.package_identification:_identify(turtlebot3/turtlebot3_teleop) by extension 'colcon_meta'
[0.257s] Level 1:colcon.colcon_core.package_identification:_identify(turtlebot3/turtlebot3_teleop) by extensions ['ros']
[0.257s] Level 1:colcon.colcon_core.package_identification:_identify(turtlebot3/turtlebot3_teleop) by extension 'ros'
[0.258s] DEBUG:colcon.colcon_core.package_identification:Package 'turtlebot3/turtlebot3_teleop' with type 'ros.ament_python' and name 'turtlebot3_teleop'
[0.258s] Level 1:colcon.colcon_core.package_identification:_identify(turtlebot3_msgs) by extensions ['ignore', 'ignore_ament_install']
[0.258s] Level 1:colcon.colcon_core.package_identification:_identify(turtlebot3_msgs) by extension 'ignore'
[0.258s] Level 1:colcon.colcon_core.package_identification:_identify(turtlebot3_msgs) by extension 'ignore_ament_install'
[0.258s] Level 1:colcon.colcon_core.package_identification:_identify(turtlebot3_msgs) by extensions ['colcon_pkg']
[0.258s] Level 1:colcon.colcon_core.package_identification:_identify(turtlebot3_msgs) by extension 'colcon_pkg'
[0.258s] Level 1:colcon.colcon_core.package_identification:_identify(turtlebot3_msgs) by extensions ['colcon_meta']
[0.258s] Level 1:colcon.colcon_core.package_identification:_identify(turtlebot3_msgs) by extension 'colcon_meta'
[0.258s] Level 1:colcon.colcon_core.package_identification:_identify(turtlebot3_msgs) by extensions ['ros']
[0.258s] Level 1:colcon.colcon_core.package_identification:_identify(turtlebot3_msgs) by extension 'ros'
[0.259s] DEBUG:colcon.colcon_core.package_identification:Package 'turtlebot3_msgs' with type 'ros.ament_cmake' and name 'turtlebot3_msgs'
[0.259s] Level 1:colcon.colcon_core.package_identification:_identify(turtlebot3_simulations) by extensions ['ignore', 'ignore_ament_install']
[0.259s] Level 1:colcon.colcon_core.package_identification:_identify(turtlebot3_simulations) by extension 'ignore'
[0.259s] Level 1:colcon.colcon_core.package_identification:_identify(turtlebot3_simulations) by extension 'ignore_ament_install'
[0.259s] Level 1:colcon.colcon_core.package_identification:_identify(turtlebot3_simulations) by extensions ['colcon_pkg']
[0.259s] Level 1:colcon.colcon_core.package_identification:_identify(turtlebot3_simulations) by extension 'colcon_pkg'
[0.259s] Level 1:colcon.colcon_core.package_identification:_identify(turtlebot3_simulations) by extensions ['colcon_meta']
[0.259s] Level 1:colcon.colcon_core.package_identification:_identify(turtlebot3_simulations) by extension 'colcon_meta'
[0.259s] Level 1:colcon.colcon_core.package_identification:_identify(turtlebot3_simulations) by extensions ['ros']
[0.259s] Level 1:colcon.colcon_core.package_identification:_identify(turtlebot3_simulations) by extension 'ros'
[0.259s] Level 1:colcon.colcon_core.package_identification:_identify(turtlebot3_simulations) by extensions ['cmake', 'python']
[0.259s] Level 1:colcon.colcon_core.package_identification:_identify(turtlebot3_simulations) by extension 'cmake'
[0.259s] Level 1:colcon.colcon_core.package_identification:_identify(turtlebot3_simulations) by extension 'python'
[0.259s] Level 1:colcon.colcon_core.package_identification:_identify(turtlebot3_simulations) by extensions ['python_setup_py']
[0.259s] Level 1:colcon.colcon_core.package_identification:_identify(turtlebot3_simulations) by extension 'python_setup_py'
[0.259s] Level 1:colcon.colcon_core.package_identification:_identify(turtlebot3_simulations/turtlebot3_fake_node) by extensions ['ignore', 'ignore_ament_install']
[0.259s] Level 1:colcon.colcon_core.package_identification:_identify(turtlebot3_simulations/turtlebot3_fake_node) by extension 'ignore'
[0.259s] Level 1:colcon.colcon_core.package_identification:_identify(turtlebot3_simulations/turtlebot3_fake_node) by extension 'ignore_ament_install'
[0.259s] Level 1:colcon.colcon_core.package_identification:_identify(turtlebot3_simulations/turtlebot3_fake_node) by extensions ['colcon_pkg']
[0.260s] Level 1:colcon.colcon_core.package_identification:_identify(turtlebot3_simulations/turtlebot3_fake_node) by extension 'colcon_pkg'
[0.260s] Level 1:colcon.colcon_core.package_identification:_identify(turtlebot3_simulations/turtlebot3_fake_node) by extensions ['colcon_meta']
[0.260s] Level 1:colcon.colcon_core.package_identification:_identify(turtlebot3_simulations/turtlebot3_fake_node) by extension 'colcon_meta'
[0.260s] Level 1:colcon.colcon_core.package_identification:_identify(turtlebot3_simulations/turtlebot3_fake_node) by extensions ['ros']
[0.260s] Level 1:colcon.colcon_core.package_identification:_identify(turtlebot3_simulations/turtlebot3_fake_node) by extension 'ros'
[0.260s] DEBUG:colcon.colcon_core.package_identification:Package 'turtlebot3_simulations/turtlebot3_fake_node' with type 'ros.ament_cmake' and name 'turtlebot3_fake_node'
[0.260s] Level 1:colcon.colcon_core.package_identification:_identify(turtlebot3_simulations/turtlebot3_gazebo) by extensions ['ignore', 'ignore_ament_install']
[0.261s] Level 1:colcon.colcon_core.package_identification:_identify(turtlebot3_simulations/turtlebot3_gazebo) by extension 'ignore'
[0.261s] Level 1:colcon.colcon_core.package_identification:_identify(turtlebot3_simulations/turtlebot3_gazebo) by extension 'ignore_ament_install'
[0.261s] Level 1:colcon.colcon_core.package_identification:_identify(turtlebot3_simulations/turtlebot3_gazebo) by extensions ['colcon_pkg']
[0.261s] Level 1:colcon.colcon_core.package_identification:_identify(turtlebot3_simulations/turtlebot3_gazebo) by extension 'colcon_pkg'
[0.261s] Level 1:colcon.colcon_core.package_identification:_identify(turtlebot3_simulations/turtlebot3_gazebo) by extensions ['colcon_meta']
[0.261s] Level 1:colcon.colcon_core.package_identification:_identify(turtlebot3_simulations/turtlebot3_gazebo) by extension 'colcon_meta'
[0.261s] Level 1:colcon.colcon_core.package_identification:_identify(turtlebot3_simulations/turtlebot3_gazebo) by extensions ['ros']
[0.261s] Level 1:colcon.colcon_core.package_identification:_identify(turtlebot3_simulations/turtlebot3_gazebo) by extension 'ros'
[0.261s] DEBUG:colcon.colcon_core.package_identification:Package 'turtlebot3_simulations/turtlebot3_gazebo' with type 'ros.ament_cmake' and name 'turtlebot3_gazebo'
[0.262s] Level 1:colcon.colcon_core.package_identification:_identify(turtlebot3_simulations/turtlebot3_manipulation_gazebo) by extensions ['ignore', 'ignore_ament_install']
[0.262s] Level 1:colcon.colcon_core.package_identification:_identify(turtlebot3_simulations/turtlebot3_manipulation_gazebo) by extension 'ignore'
[0.262s] Level 1:colcon.colcon_core.package_identification:_identify(turtlebot3_simulations/turtlebot3_manipulation_gazebo) by extension 'ignore_ament_install'
[0.262s] Level 1:colcon.colcon_core.package_identification:_identify(turtlebot3_simulations/turtlebot3_manipulation_gazebo) by extensions ['colcon_pkg']
[0.262s] Level 1:colcon.colcon_core.package_identification:_identify(turtlebot3_simulations/turtlebot3_manipulation_gazebo) by extension 'colcon_pkg'
[0.262s] Level 1:colcon.colcon_core.package_identification:_identify(turtlebot3_simulations/turtlebot3_manipulation_gazebo) by extensions ['colcon_meta']
[0.262s] Level 1:colcon.colcon_core.package_identification:_identify(turtlebot3_simulations/turtlebot3_manipulation_gazebo) by extension 'colcon_meta'
[0.262s] Level 1:colcon.colcon_core.package_identification:_identify(turtlebot3_simulations/turtlebot3_manipulation_gazebo) by extensions ['ros']
[0.262s] Level 1:colcon.colcon_core.package_identification:_identify(turtlebot3_simulations/turtlebot3_manipulation_gazebo) by extension 'ros'
[0.262s] DEBUG:colcon.colcon_core.package_identification:Package 'turtlebot3_simulations/turtlebot3_manipulation_gazebo' with type 'ros.ament_cmake' and name 'turtlebot3_manipulation_gazebo'
[0.262s] Level 1:colcon.colcon_core.package_identification:_identify(turtlebot3_simulations/turtlebot3_simulations) by extensions ['ignore', 'ignore_ament_install']
[0.262s] Level 1:colcon.colcon_core.package_identification:_identify(turtlebot3_simulations/turtlebot3_simulations) by extension 'ignore'
[0.262s] Level 1:colcon.colcon_core.package_identification:_identify(turtlebot3_simulations/turtlebot3_simulations) by extension 'ignore_ament_install'
[0.263s] Level 1:colcon.colcon_core.package_identification:_identify(turtlebot3_simulations/turtlebot3_simulations) by extensions ['colcon_pkg']
[0.263s] Level 1:colcon.colcon_core.package_identification:_identify(turtlebot3_simulations/turtlebot3_simulations) by extension 'colcon_pkg'
[0.263s] Level 1:colcon.colcon_core.package_identification:_identify(turtlebot3_simulations/turtlebot3_simulations) by extensions ['colcon_meta']
[0.263s] Level 1:colcon.colcon_core.package_identification:_identify(turtlebot3_simulations/turtlebot3_simulations) by extension 'colcon_meta'
[0.263s] Level 1:colcon.colcon_core.package_identification:_identify(turtlebot3_simulations/turtlebot3_simulations) by extensions ['ros']
[0.263s] Level 1:colcon.colcon_core.package_identification:_identify(turtlebot3_simulations/turtlebot3_simulations) by extension 'ros'
[0.263s] DEBUG:colcon.colcon_core.package_identification:Package 'turtlebot3_simulations/turtlebot3_simulations' with type 'ros.ament_cmake' and name 'turtlebot3_simulations'
[0.263s] Level 1:colcon.colcon_core.package_discovery:discover_packages(recursive) using defaults
[0.263s] Level 1:colcon.colcon_core.package_discovery:discover_packages(ignore) discover
[0.263s] Level 1:colcon.colcon_core.package_discovery:discover_packages(ignore) using defaults
[0.263s] Level 1:colcon.colcon_core.package_discovery:discover_packages(path) discover
[0.263s] Level 1:colcon.colcon_core.package_discovery:discover_packages(path) using defaults
[0.263s] WARNING:colcon.colcon_core.package_selection:ignoring unknown package 'turtlebot3_gui' in --packages-select
[0.280s] INFO:colcon.colcon_core.package_selection:Skipping not selected package 'turtlebot3_cartographer' in 'turtlebot3/turtlebot3_cartographer'
[0.280s] INFO:colcon.colcon_core.package_selection:Skipping not selected package 'turtlebot3_description' in 'turtlebot3/turtlebot3_description'
[0.280s] INFO:colcon.colcon_core.package_selection:Skipping not selected package 'turtlebot3_gazebo' in 'turtlebot3_simulations/turtlebot3_gazebo'
[0.280s] INFO:colcon.colcon_core.package_selection:Skipping not selected package 'turtlebot3_manipulation_gazebo' in 'turtlebot3_simulations/turtlebot3_manipulation_gazebo'
[0.280s] INFO:colcon.colcon_core.package_selection:Skipping not selected package 'turtlebot3_msgs' in 'turtlebot3_msgs'
[0.280s] INFO:colcon.colcon_core.package_selection:Skipping not selected package 'turtlebot3_navigation2' in 'turtlebot3/turtlebot3_navigation2'
[0.280s] INFO:colcon.colcon_core.package_selection:Skipping not selected package 'turtlebot3_teleop' in 'turtlebot3/turtlebot3_teleop'
[0.280s] INFO:colcon.colcon_core.package_selection:Skipping not selected package 'turtlebot3_example' in 'turtlebot3/turtlebot3_example'
[0.280s] INFO:colcon.colcon_core.package_selection:Skipping not selected package 'turtlebot3_fake_node' in 'turtlebot3_simulations/turtlebot3_fake_node'
[0.280s] INFO:colcon.colcon_core.package_selection:Skipping not selected package 'turtlebot3_node' in 'turtlebot3/turtlebot3_node'
[0.280s] INFO:colcon.colcon_core.package_selection:Skipping not selected package 'turtlebot3_bringup' in 'turtlebot3/turtlebot3_bringup'
[0.280s] INFO:colcon.colcon_core.package_selection:Skipping not selected package 'turtlebot3_simulations' in 'turtlebot3_simulations/turtlebot3_simulations'
[0.280s] INFO:colcon.colcon_core.package_selection:Skipping not selected package 'turtlebot3' in 'turtlebot3/turtlebot3'
[0.280s] Level 1:colcon.colcon_core.package_discovery:discover_packages(prefix_path) check parameters
[0.280s] Level 1:colcon.colcon_core.package_discovery:discover_packages(prefix_path) discover
[0.282s] DEBUG:colcon.colcon_installed_package_information.package_discovery:Found 13 installed packages in /home/polestar3/turtlebot3_ws/install
[0.282s] DEBUG:colcon.colcon_installed_package_information.package_discovery:Found 8 installed packages in /home/polestar3/robot_ws/install
[0.283s] DEBUG:colcon.colcon_installed_package_information.package_discovery:Found 382 installed packages in /opt/ros/humble
[0.285s] Level 1:colcon.colcon_core.package_discovery:discover_packages(prefix_path) using defaults
[0.321s] INFO:colcon.colcon_core.executor:Executing jobs using 'parallel' executor
[0.322s] DEBUG:colcon.colcon_parallel_executor.executor.parallel:run_until_complete
[0.322s] DEBUG:colcon.colcon_parallel_executor.executor.parallel:closing loop
[0.322s] DEBUG:colcon.colcon_parallel_executor.executor.parallel:loop closed
[0.322s] DEBUG:colcon.colcon_parallel_executor.executor.parallel:run_until_complete finished with '0'
[0.322s] DEBUG:colcon.colcon_core.event_reactor:joining thread
[0.326s] INFO:colcon.colcon_core.plugin_system:Skipping extension 'colcon_notification.desktop_notification.terminal_notifier': Not used on non-Darwin systems
[0.326s] INFO:colcon.colcon_core.plugin_system:Skipping extension 'colcon_notification.desktop_notification.win32': Not used on non-Windows systems
[0.326s] INFO:colcon.colcon_notification.desktop_notification:Sending desktop notification using 'notify2'
[0.334s] DEBUG:colcon.colcon_core.event_reactor:joined thread
[0.336s] INFO:colcon.colcon_core.plugin_system:Skipping extension 'colcon_core.shell.bat': Not used on non-Windows systems
[0.336s] INFO:colcon.colcon_core.shell:Creating prefix script '/home/polestar3/turtlebot3_ws/src/install/local_setup.ps1'
[0.336s] INFO:colcon.colcon_core.shell:Creating prefix util module '/home/polestar3/turtlebot3_ws/src/install/_local_setup_util_ps1.py'
[0.337s] INFO:colcon.colcon_core.shell:Creating prefix chain script '/home/polestar3/turtlebot3_ws/src/install/setup.ps1'
[0.339s] INFO:colcon.colcon_core.shell:Creating prefix script '/home/polestar3/turtlebot3_ws/src/install/local_setup.sh'
[0.339s] INFO:colcon.colcon_core.shell:Creating prefix util module '/home/polestar3/turtlebot3_ws/src/install/_local_setup_util_sh.py'
[0.339s] INFO:colcon.colcon_core.shell:Creating prefix chain script '/home/polestar3/turtlebot3_ws/src/install/setup.sh'
[0.341s] INFO:colcon.colcon_core.shell:Creating prefix script '/home/polestar3/turtlebot3_ws/src/install/local_setup.bash'
[0.341s] INFO:colcon.colcon_core.shell:Creating prefix chain script '/home/polestar3/turtlebot3_ws/src/install/setup.bash'
[0.342s] INFO:colcon.colcon_core.shell:Creating prefix script '/home/polestar3/turtlebot3_ws/src/install/local_setup.zsh'
[0.343s] INFO:colcon.colcon_core.shell:Creating prefix chain script '/home/polestar3/turtlebot3_ws/src/install/setup.zsh'
